Archive member included to satisfy reference by file (symbol)

/usr/lib/gcc/arm-none-eabi/9.2.1/libgcc.a(_udivsi3.o)
                              build/stdio.o (__aeabi_uidiv)
/usr/lib/gcc/arm-none-eabi/9.2.1/libgcc.a(_dvmd_tls.o)
                              /usr/lib/gcc/arm-none-eabi/9.2.1/libgcc.a(_udivsi3.o) (__aeabi_idiv0)

Allocating common symbols
Common symbol       size              file

sNext_tcb           0x4               build/task.o
sCurrent_tcb        0x4               build/task.o

Memory Configuration

Name             Origin             Length             Attributes
*default*        0x0000000000000000 0xffffffffffffffff

Linker script and memory map

LOAD build/Entry.os
LOAD build/Nacho.o
LOAD build/Handler.o
LOAD build/Regs.o
LOAD build/Interrupt.o
LOAD build/Uart.o
LOAD build/timer.o
LOAD build/task.o
LOAD build/Kernel.o
LOAD build/stdlib.o
LOAD build/stdio.o
LOAD build/armcpu.o
LOAD build/switch.o
LOAD /usr/lib/gcc/arm-none-eabi/9.2.1/libgcc.a
                0x0000000000000000                . = 0x0

.text           0x0000000000000000     0x154c
 *(vector_start)
 *(.text .rodata)
 .text          0x0000000000000000       0xd4 build/Entry.os
                0x0000000000000000                vector_start
                0x000000000000003c                vector_end
 .text          0x00000000000000d4      0x21c build/Nacho.o
                0x00000000000000d4                nacho
                0x0000000000000284                User_task0
                0x00000000000002a0                User_task1
                0x00000000000002c8                User_task2
 .rodata        0x00000000000002f0       0xc6 build/Nacho.o
 *fill*         0x00000000000003b6        0x2 
 .text          0x00000000000003b8       0x24 build/Handler.o
                0x00000000000003b8                Irq_Handler
                0x00000000000003d4                Fiq_Handler
 .text          0x00000000000003dc        0x0 build/Regs.o
 .text          0x00000000000003dc      0x2f8 build/Interrupt.o
                0x00000000000003dc                Hal_interrupt_init
                0x0000000000000478                Hal_interrupt_enable
                0x0000000000000544                Hal_interrupt_disable
                0x0000000000000618                Hal_interrupt_register_handler
                0x0000000000000650                Hal_interrupt_run_handler
 .text          0x00000000000006d4      0x1b0 build/Uart.o
                0x00000000000006d4                Hal_uart_init
                0x0000000000000774                Hal_uart_put_char
                0x00000000000007d0                Hal_uart_get_char
 .text          0x0000000000000884      0x210 build/timer.o
                0x0000000000000884                Hal_timer_init
                0x0000000000000a70                Hal_timer_get_1ms_counter
 .text          0x0000000000000a94      0x3dc build/task.o
                0x0000000000000a94                Kernel_task_init
                0x0000000000000be0                Kernel_task_start
                0x0000000000000c20                Kernel_task_create
                0x0000000000000e1c                Kernel_task_scheduler
 .text          0x0000000000000e70       0x28 build/Kernel.o
                0x0000000000000e70                Kernel_start
                0x0000000000000e84                Kernel_yield
 .text          0x0000000000000e98       0x4c build/stdlib.o
                0x0000000000000e98                delay
 .text          0x0000000000000ee4      0x444 build/stdio.o
                0x0000000000000ee4                putstr
                0x0000000000000f44                debug_printf
                0x0000000000000f94                vsprintf
                0x0000000000001214                utoa
 .rodata        0x0000000000001328        0x7 build/stdio.o
 *fill*         0x000000000000132f        0x1 
 .text          0x0000000000001330       0xb0 build/armcpu.o
                0x0000000000001330                enable_irq
                0x000000000000135c                enable_fiq
                0x0000000000001388                disable_irq
                0x00000000000013b4                disable_fiq
 .text          0x00000000000013e0       0x54 build/switch.o
                0x00000000000013e0                Kernel_task_context_switching
                0x00000000000013ec                Save_context
                0x000000000000140c                Restore_context
 .text          0x0000000000001434      0x114 /usr/lib/gcc/arm-none-eabi/9.2.1/libgcc.a(_udivsi3.o)
                0x0000000000001434                __udivsi3
                0x0000000000001434                __aeabi_uidiv
                0x0000000000001528                __aeabi_uidivmod
 .text          0x0000000000001548        0x4 /usr/lib/gcc/arm-none-eabi/9.2.1/libgcc.a(_dvmd_tls.o)
                0x0000000000001548                __aeabi_ldiv0
                0x0000000000001548                __aeabi_idiv0

.glue_7         0x000000000000154c        0x0
 .glue_7        0x000000000000154c        0x0 linker stubs

.glue_7t        0x000000000000154c        0x0
 .glue_7t       0x000000000000154c        0x0 linker stubs

.vfp11_veneer   0x000000000000154c        0x0
 .vfp11_veneer  0x000000000000154c        0x0 linker stubs

.v4_bx          0x000000000000154c        0x0
 .v4_bx         0x000000000000154c        0x0 linker stubs

.iplt           0x000000000000154c        0x0
 .iplt          0x000000000000154c        0x0 build/Entry.os

.rel.dyn        0x000000000000154c        0x0
 .rel.iplt      0x000000000000154c        0x0 build/Entry.os

.data           0x000000000000154c       0x10
 *(.data)
 .data          0x000000000000154c        0x0 build/Entry.os
 .data          0x000000000000154c        0x0 build/Nacho.o
 .data          0x000000000000154c        0x0 build/Handler.o
 .data          0x000000000000154c       0x10 build/Regs.o
                0x000000000000154c                Uart
                0x0000000000001550                GicCpu
                0x0000000000001554                GicDist
                0x0000000000001558                Timer
 .data          0x000000000000155c        0x0 build/Interrupt.o
 .data          0x000000000000155c        0x0 build/Uart.o
 .data          0x000000000000155c        0x0 build/timer.o
 .data          0x000000000000155c        0x0 build/task.o
 .data          0x000000000000155c        0x0 build/Kernel.o
 .data          0x000000000000155c        0x0 build/stdlib.o
 .data          0x000000000000155c        0x0 build/stdio.o
 .data          0x000000000000155c        0x0 build/armcpu.o
 .data          0x000000000000155c        0x0 build/switch.o
 .data          0x000000000000155c        0x0 /usr/lib/gcc/arm-none-eabi/9.2.1/libgcc.a(_udivsi3.o)
 .data          0x000000000000155c        0x0 /usr/lib/gcc/arm-none-eabi/9.2.1/libgcc.a(_dvmd_tls.o)

.igot.plt       0x000000000000155c        0x0
 .igot.plt      0x000000000000155c        0x0 build/Entry.os

.bss            0x000000000000155c      0xb10
 *(.bss)
 .bss           0x000000000000155c        0x0 build/Entry.os
 .bss           0x000000000000155c        0x0 build/Nacho.o
 .bss           0x000000000000155c        0x0 build/Handler.o
 .bss           0x000000000000155c        0x0 build/Regs.o
 .bss           0x000000000000155c      0x3fc build/Interrupt.o
 .bss           0x0000000000001958        0x0 build/Uart.o
 .bss           0x0000000000001958        0x4 build/timer.o
 .bss           0x000000000000195c      0x308 build/task.o
 .bss           0x0000000000001c64        0x0 build/Kernel.o
 .bss           0x0000000000001c64        0x0 build/stdlib.o
 .bss           0x0000000000001c64      0x400 build/stdio.o
 .bss           0x0000000000002064        0x0 build/armcpu.o
 .bss           0x0000000000002064        0x0 build/switch.o
 .bss           0x0000000000002064        0x0 /usr/lib/gcc/arm-none-eabi/9.2.1/libgcc.a(_udivsi3.o)
 .bss           0x0000000000002064        0x0 /usr/lib/gcc/arm-none-eabi/9.2.1/libgcc.a(_dvmd_tls.o)
 COMMON         0x0000000000002064        0x8 build/task.o
                0x0000000000002064                sNext_tcb
                0x0000000000002068                sCurrent_tcb
OUTPUT(build/nachoos.axf elf32-littlearm)
LOAD linker stubs

.ARM.attributes
                0x0000000000000000       0x2b
 .ARM.attributes
                0x0000000000000000       0x1d build/Entry.os
 .ARM.attributes
                0x000000000000001d       0x2f build/Nacho.o
 .ARM.attributes
                0x000000000000004c       0x2f build/Handler.o
 .ARM.attributes
                0x000000000000007b       0x2f build/Regs.o
 .ARM.attributes
                0x00000000000000aa       0x2f build/Interrupt.o
 .ARM.attributes
                0x00000000000000d9       0x2f build/Uart.o
 .ARM.attributes
                0x0000000000000108       0x2f build/timer.o
 .ARM.attributes
                0x0000000000000137       0x2f build/task.o
 .ARM.attributes
                0x0000000000000166       0x2f build/Kernel.o
 .ARM.attributes
                0x0000000000000195       0x2f build/stdlib.o
 .ARM.attributes
                0x00000000000001c4       0x2f build/stdio.o
 .ARM.attributes
                0x00000000000001f3       0x2f build/armcpu.o
 .ARM.attributes
                0x0000000000000222       0x2f build/switch.o
 .ARM.attributes
                0x0000000000000251       0x1c /usr/lib/gcc/arm-none-eabi/9.2.1/libgcc.a(_udivsi3.o)
 .ARM.attributes
                0x000000000000026d       0x1c /usr/lib/gcc/arm-none-eabi/9.2.1/libgcc.a(_dvmd_tls.o)

.comment        0x0000000000000000       0x59
 .comment       0x0000000000000000       0x59 build/Nacho.o
                                         0x5a (size before relaxing)
 .comment       0x0000000000000059       0x5a build/Handler.o
 .comment       0x0000000000000059       0x5a build/Regs.o
 .comment       0x0000000000000059       0x5a build/Interrupt.o
 .comment       0x0000000000000059       0x5a build/Uart.o
 .comment       0x0000000000000059       0x5a build/timer.o
 .comment       0x0000000000000059       0x5a build/task.o
 .comment       0x0000000000000059       0x5a build/Kernel.o
 .comment       0x0000000000000059       0x5a build/stdlib.o
 .comment       0x0000000000000059       0x5a build/stdio.o
 .comment       0x0000000000000059       0x5a build/armcpu.o
 .comment       0x0000000000000059       0x5a build/switch.o

.debug_line     0x0000000000000000      0xa57
 .debug_line    0x0000000000000000       0x6d build/Entry.os
 .debug_line    0x000000000000006d      0x102 build/Nacho.o
 .debug_line    0x000000000000016f       0x4c build/Handler.o
 .debug_line    0x00000000000001bb       0x68 build/Regs.o
 .debug_line    0x0000000000000223      0x12a build/Interrupt.o
 .debug_line    0x000000000000034d       0xea build/Uart.o
 .debug_line    0x0000000000000437       0xdc build/timer.o
 .debug_line    0x0000000000000513      0x165 build/task.o
 .debug_line    0x0000000000000678       0x4c build/Kernel.o
 .debug_line    0x00000000000006c4       0x6a build/stdlib.o
 .debug_line    0x000000000000072e      0x173 build/stdio.o
 .debug_line    0x00000000000008a1       0x67 build/armcpu.o
 .debug_line    0x0000000000000908       0x84 build/switch.o
 .debug_line    0x000000000000098c       0x74 /usr/lib/gcc/arm-none-eabi/9.2.1/libgcc.a(_udivsi3.o)
 .debug_line    0x0000000000000a00       0x57 /usr/lib/gcc/arm-none-eabi/9.2.1/libgcc.a(_dvmd_tls.o)

.debug_info     0x0000000000000000     0x31ec
 .debug_info    0x0000000000000000       0x26 build/Entry.os
 .debug_info    0x0000000000000026      0x19c build/Nacho.o
 .debug_info    0x00000000000001c2       0x82 build/Handler.o
 .debug_info    0x0000000000000244     0x124d build/Regs.o
 .debug_info    0x0000000000001491      0x691 build/Interrupt.o
 .debug_info    0x0000000000001b22      0xbcc build/Uart.o
 .debug_info    0x00000000000026ee      0x2c6 build/timer.o
 .debug_info    0x00000000000029b4      0x2a5 build/task.o
 .debug_info    0x0000000000002c59       0x82 build/Kernel.o
 .debug_info    0x0000000000002cdb       0x9a build/stdlib.o
 .debug_info    0x0000000000002d75      0x2ad build/stdio.o
 .debug_info    0x0000000000003022       0x6e build/armcpu.o
 .debug_info    0x0000000000003090      0x110 build/switch.o
 .debug_info    0x00000000000031a0       0x26 /usr/lib/gcc/arm-none-eabi/9.2.1/libgcc.a(_udivsi3.o)
 .debug_info    0x00000000000031c6       0x26 /usr/lib/gcc/arm-none-eabi/9.2.1/libgcc.a(_dvmd_tls.o)

.debug_abbrev   0x0000000000000000      0xb26
 .debug_abbrev  0x0000000000000000       0x14 build/Entry.os
 .debug_abbrev  0x0000000000000014       0xe8 build/Nacho.o
 .debug_abbrev  0x00000000000000fc       0x5e build/Handler.o
 .debug_abbrev  0x000000000000015a      0x11a build/Regs.o
 .debug_abbrev  0x0000000000000274      0x19c build/Interrupt.o
 .debug_abbrev  0x0000000000000410      0x19d build/Uart.o
 .debug_abbrev  0x00000000000005ad      0x132 build/timer.o
 .debug_abbrev  0x00000000000006df      0x165 build/task.o
 .debug_abbrev  0x0000000000000844       0x44 build/Kernel.o
 .debug_abbrev  0x0000000000000888       0x75 build/stdlib.o
 .debug_abbrev  0x00000000000008fd      0x131 build/stdio.o
 .debug_abbrev  0x0000000000000a2e       0x2e build/armcpu.o
 .debug_abbrev  0x0000000000000a5c       0xa2 build/switch.o
 .debug_abbrev  0x0000000000000afe       0x14 /usr/lib/gcc/arm-none-eabi/9.2.1/libgcc.a(_udivsi3.o)
 .debug_abbrev  0x0000000000000b12       0x14 /usr/lib/gcc/arm-none-eabi/9.2.1/libgcc.a(_dvmd_tls.o)

.debug_aranges  0x0000000000000000      0x1d8
 .debug_aranges
                0x0000000000000000       0x20 build/Entry.os
 .debug_aranges
                0x0000000000000020       0x20 build/Nacho.o
 .debug_aranges
                0x0000000000000040       0x20 build/Handler.o
 .debug_aranges
                0x0000000000000060       0x18 build/Regs.o
 .debug_aranges
                0x0000000000000078       0x20 build/Interrupt.o
 .debug_aranges
                0x0000000000000098       0x20 build/Uart.o
 .debug_aranges
                0x00000000000000b8       0x20 build/timer.o
 .debug_aranges
                0x00000000000000d8       0x20 build/task.o
 .debug_aranges
                0x00000000000000f8       0x20 build/Kernel.o
 .debug_aranges
                0x0000000000000118       0x20 build/stdlib.o
 .debug_aranges
                0x0000000000000138       0x20 build/stdio.o
 .debug_aranges
                0x0000000000000158       0x20 build/armcpu.o
 .debug_aranges
                0x0000000000000178       0x20 build/switch.o
 .debug_aranges
                0x0000000000000198       0x20 /usr/lib/gcc/arm-none-eabi/9.2.1/libgcc.a(_udivsi3.o)
 .debug_aranges
                0x00000000000001b8       0x20 /usr/lib/gcc/arm-none-eabi/9.2.1/libgcc.a(_dvmd_tls.o)

.debug_str      0x0000000000000000      0xbc8
 .debug_str     0x0000000000000000       0x2c build/Entry.os
 .debug_str     0x000000000000002c      0x192 build/Nacho.o
                                        0x1be (size before relaxing)
 .debug_str     0x00000000000001be       0x27 build/Handler.o
                                        0x129 (size before relaxing)
 .debug_str     0x00000000000001e5      0x5ac build/Regs.o
                                        0x6be (size before relaxing)
 .debug_str     0x0000000000000791       0xa8 build/Interrupt.o
                                        0x3cd (size before relaxing)
 .debug_str     0x0000000000000839       0x59 build/Uart.o
                                        0x45e (size before relaxing)
 .debug_str     0x0000000000000892       0x33 build/timer.o
                                        0x26f (size before relaxing)
 .debug_str     0x00000000000008c5      0x14d build/task.o
                                        0x260 (size before relaxing)
 .debug_str     0x0000000000000a12       0x2a build/Kernel.o
                                        0x12c (size before relaxing)
 .debug_str     0x0000000000000a3c       0x18 build/stdlib.o
                                        0x123 (size before relaxing)
 .debug_str     0x0000000000000a54       0x73 build/stdio.o
                                        0x198 (size before relaxing)
 .debug_str     0x0000000000000ac7       0x3b build/armcpu.o
                                         0xd4 (size before relaxing)
 .debug_str     0x0000000000000b02       0x48 build/switch.o
                                        0x192 (size before relaxing)
 .debug_str     0x0000000000000b4a       0x7e /usr/lib/gcc/arm-none-eabi/9.2.1/libgcc.a(_udivsi3.o)
                                         0x8a (size before relaxing)
 .debug_str     0x0000000000000bc8       0x8a /usr/lib/gcc/arm-none-eabi/9.2.1/libgcc.a(_dvmd_tls.o)

.debug_frame    0x0000000000000000      0x5cc
 .debug_frame   0x0000000000000000       0xf8 build/Nacho.o
 .debug_frame   0x00000000000000f8       0x50 build/Handler.o
 .debug_frame   0x0000000000000148       0xb0 build/Interrupt.o
 .debug_frame   0x00000000000001f8       0x8c build/Uart.o
 .debug_frame   0x0000000000000284       0x70 build/timer.o
 .debug_frame   0x00000000000002f4       0xc4 build/task.o
 .debug_frame   0x00000000000003b8       0x48 build/Kernel.o
 .debug_frame   0x0000000000000400       0x30 build/stdlib.o
 .debug_frame   0x0000000000000430       0xac build/stdio.o
 .debug_frame   0x00000000000004dc       0x90 build/armcpu.o
 .debug_frame   0x000000000000056c       0x40 build/switch.o
 .debug_frame   0x00000000000005ac       0x20 /usr/lib/gcc/arm-none-eabi/9.2.1/libgcc.a(_udivsi3.o)
